researching 70 apps (concurrency=3, pass=1)
[1/70] Copper -> buildable_now (unknown)
[2/70] GoHighLevel -> buildable_with_work (paid_plan_required)
[3/70] Gorgias -> buildable_now (self_serve_free)
FAIL Aircall: extraction failed for Aircall: no JSON object in model output: 'The user wants me to analyze Aircall as an API-research analyst and output a single JSON object. The previous reply failed because it co
[4/70] Klaviyo -> buildable_now (self_serve_free)
[5/70] Mailchimp -> buildable_now (self_serve_trial)
[6/70] [systeme.io](http://systeme.io/) -> buildable_now (self_serve_free)
[7/70] Threads (Meta) -> buildable_now (self_serve_free)
[8/70] SendGrid -> buildable_now (self_serve_free)
[9/70] Shopify -> buildable_now (self_serve_free)
[10/70] Pinterest -> buildable_with_work (self_serve_free)
[11/70] BigCommerce -> buildable_now (self_serve_free)
[12/70] WooCommerce -> buildable_now (self_serve_free)
[13/70] Magento (Adobe Commerce) -> buildable_now (self_serve_free)
[14/70] Squarespace -> buildable_with_work (paid_plan_required)
[15/70] Salesforce Commerce Cloud -> buildable_with_work (paid_plan_required)
[16/70] Amazon Selling Partner -> buildable_with_work (self_serve_free)
[17/70] Ecwid -> buildable_now (self_serve_free)
[18/70] Gumroad -> buildable_now (self_serve_free)
[19/70] SE Ranking -> buildable_now (self_serve_trial)
[20/70] DataForSEO -> buildable_now (self_serve_free)
[21/70] Ahrefs -> buildable_with_work (paid_plan_required)
[22/70] fanbasis -> gated (unknown)
[23/70] MrScraper -> buildable_now (unknown)
[24/70] Firecrawl -> buildable_now (self_serve_free)
[25/70] Apify -> buildable_now (self_serve_free)
[26/70] Bright Data -> buildable_now (self_serve_free)
[27/70] Sherlock -> buildable_with_work (self_serve_free)
[28/70] [Waterfall.io](http://waterfall.io/) -> buildable_with_work (unknown)
[29/70] GitHub -> buildable_now (self_serve_free)
[30/70] Netlify -> buildable_now (self_serve_free)
[31/70] Cloudflare -> buildable_now (self_serve_free)
[32/70] Vercel -> buildable_now (self_serve_free)
FAIL Clay: extraction failed for Clay: no JSON object in model output: 'The user wants me to research Clay (clay.com) based on the supplied search snippets and page excerpts, and output ONE JSON object only. My 
[33/70] Supabase -> buildable_now (self_serve_free)
[34/70] Snowflake -> buildable_now (unknown)
[35/70] MongoDB Atlas -> buildable_now (self_serve_free)
[36/70] Neo4j -> buildable_now (self_serve_free)
[37/70] Sentry -> buildable_now (self_serve_free)
[38/70] Datadog -> buildable_now (unknown)
[39/70] Airtable -> buildable_now (self_serve_free)
[40/70] Linear -> buildable_now (self_serve_free)
[41/70] Jira -> buildable_now (self_serve_free)
[42/70] [Monday.com](http://monday.com/) -> buildable_now (self_serve_free)
[43/70] Asana -> buildable_now (self_serve_free)
FAIL Notion: extraction failed for Notion: unbalanced JSON in model output: '{\n  "one_liner": "Connected workspace for docs, wikis, databases, and project management",\n  "auth_methods": ["oauth2", "bearer_token"
[44/70] ClickUp -> buildable_now (self_serve_free)
[45/70] Harvest -> buildable_now (self_serve_free)
[46/70] Coda -> buildable_now (self_serve_free)
[47/70] Smartsheet -> buildable_with_work (paid_plan_required)
[48/70] Stripe -> buildable_now (self_serve_free)
[49/70] Plaid -> buildable_now (self_serve_free)
[50/70] Binance -> buildable_now (self_serve_free)
[51/70] iPayX -> unknown (unknown)
[52/70] Paygent Connect -> buildable_now (self_serve_free)
[53/70] QuickBooks -> buildable_now (self_serve_free)
[54/70] Xero -> buildable_now (self_serve_free)
[55/70] Ramp -> buildable_now (self_serve_free)
[56/70] Brex -> buildable_now (self_serve_free)
[57/70] NotebookLM -> buildable_with_work (paid_plan_required)
[58/70] PitchBook -> gated (contact_sales)
[59/70] Fathom -> buildable_now (self_serve_free)
[60/70] Reducto -> buildable_now (self_serve_free)
[61/70] Consensus -> gated (contact_sales)
[62/70] Otter AI -> gated (contact_sales)
[63/70] Devin -> buildable_with_work (paid_plan_required)
[64/70] higgsfield -> buildable_with_work (paid_plan_required)
[65/70] Mermaid CLI -> buildable_now (self_serve_free)
[66/70] YouTube Transcript -> buildable_now (self_serve_free)
FAIL Grain: extraction failed for Grain: no JSON object in model output: 'Let me analyze the material about Grain carefully.\n\nKey facts from supplied material:\n\n1. **Developers site**: https://developers.grai
4 failures
